// Jest Snapshot v1, https://goo.gl/fbAQLP

exports[`Should render Header correctly 1`] = `
<div>
  <h1>
    Expend
  </h1>
  DashBoard - 
  <NavLink
    activeClassName="is-active"
    exact={true}
    to="/"
  >
    DashBoard
  </NavLink>
  Create - 
  <NavLink
    activeClassName="is-active"
    exact={true}
    to="/create"
  >
    Create
  </NavLink>
  help - 
  <NavLink
    activeClassName="is-active"
    to="/help"
  >
    help
  </NavLink>
</div>
`;
