// Jest Snapshot v1, https://goo.gl/fbAQLP

exports[`Should render Header correctly 1`] = `
<header>
  <h1>
    Expend
  </h1>
  DashBoard - 
  <NavLink
    activeClassName="is-active"
    exact={true}
    to="dashboard"
  >
    DashBoard
  </NavLink>
  Create - 
  <NavLink
    activeClassName="is-active"
    exact={true}
    to="/create"
  >
    Create
  </NavLink>
  help - 
  <NavLink
    activeClassName="is-active"
    to="/help"
  >
    help
  </NavLink>
  <button
    onClick={[Function]}
  >
    Logout
  </button>
</header>
`;
